// Vitest Snapshot v1, https://vitest.dev/guide/snapshot.html

exports[`parser > function 1`] = `"(props: MentionProps & RefAttributes<MentionsRef>) => React.ReactNode"`;

exports[`parser > interface 1`] = `
"interface MentionProps {
  loading?: boolean;
  options?: DataDrivenOptionProps[];
  popupClassName?: string;
  rootClassName?: string;
  status?: '' | 'error' | 'warning';
}"
`;

exports[`parser > interface with nested properties 1`] = `
"interface ButtonProps {
  block?: boolean;
  children?: React.ReactNode;
  className?: string;
  classNames?: {
    icon: string;
  };
  danger?: boolean;
  disabled?: boolean;
  ghost?: boolean;
  href?: string;
  htmlType?: 'button' | 'reset' | 'submit';
  icon?: React.ReactNode;
  loading?: boolean | {
    delay?: number;
  };
  prefixCls?: string;
  rootClassName?: string;
  shape?: 'default' | 'circle' | 'round';
  size?: SizeType;
  styles?: {
    icon: React.CSSProperties;
  };
  type?: 'dashed' | 'default' | 'link' | 'text' | 'primary';
}"
`;

exports[`parser > type alias 1`] = `
"MenuRef: {
  focus: (options?: FocusOptions) => void;
  menu: MenuRef | null;
}"
`;
